******************************************************************************
                  TI ARM Linker PC v5.1.6                      
******************************************************************************
>> Linked Mon Jan 12 19:37:00 2015

OUTPUT FILE NAME:   <ElectrostimulationDriver.out>
ENTRY POINT SYMBOL: "_c_int00"  address: 0000149d


MEMORY CONFIGURATION

         name            origin    length      used     unused   attr    fill
----------------------  --------  ---------  --------  --------  ----  --------
  FLASH                 00000000   00040000  00001bd0  0003e430  R  X
  SRAM                  20000000   00008000  00000231  00007dcf  RW X


SEGMENT ALLOCATION MAP

run origin  load origin   length   init length attrs members
----------  ----------- ---------- ----------- ----- -------
00000000    00000000    00001bd8   00001bd8    r-x
  00000000    00000000    0000026c   0000026c    r-- .intvecs
  0000026c    0000026c    00001672   00001672    r-x .text
  000018e0    000018e0    000002aa   000002aa    r-- .const
  00001b90    00001b90    00000048   00000048    r-- .cinit
20000000    20000000    00000231   00000000    rw-
  20000000    20000000    00000200   00000000    rw- .stack
  20000200    20000200    0000002c   00000000    rw- .data
  2000022c    2000022c    00000005   00000000    rw- .bss


SECTION ALLOCATION MAP

 output                                  attributes/
section   page    origin      length       input sections
--------  ----  ----------  ----------   ----------------
.intvecs   0    00000000    0000026c     
                  00000000    0000026c     tm4c123gh6pm_startup_ccs.obj (.intvecs)

.init_array 
*          0    00000000    00000000     UNINITIALIZED

.text      0    0000026c    00001672     
                  0000026c    00000610     main.obj (.text)
                  0000087c    0000049c     uartstdio.obj (.text)
                  00000d18    00000130     driverlib.lib : gpio.obj (.text:GPIOPadConfigSet)
                  00000e48    00000118                   : sysctl.obj (.text:SysCtlClockGet)
                  00000f60    000000f0                   : sysctl.obj (.text:SysCtlClockSet)
                  00001050    000000c4                   : eeprom.obj (.text:EEPROMProgram)
                  00001114    0000009c     rtsv7M4_T_le_v4SPD16_eabi.lib : memcpy_t2.obj (.text)
                  000011b0    00000094                                   : auto_init.obj (.text)
                  00001244    00000060     driverlib.lib : interrupt.obj (.text:IntEnable)
                  000012a4    0000005e     rtsv7M4_T_le_v4SPD16_eabi.lib : copy_decompress_rle.obj (.text)
                  00001302    00000002     --HOLE-- [fill = 0]
                  00001304    0000005c     driverlib.lib : timer.obj (.text:TimerConfigure)
                  00001360    00000056                   : gpio.obj (.text:GPIOIntTypeSet)
                  000013b6    00000002     --HOLE-- [fill = 0]
                  000013b8    00000050                   : sysctl.obj (.text:SysCtlPeripheralReset)
                  00001408    0000004c     rtsv7M4_T_le_v4SPD16_eabi.lib : atoi.obj (.text)
                  00001454    00000048     driverlib.lib : gpio.obj (.text:GPIOPinConfigure)
                  0000149c    00000048     rtsv7M4_T_le_v4SPD16_eabi.lib : boot.obj (.text)
                  000014e4    00000044                                   : cpy_tbl.obj (.text)
                  00001528    00000044                                   : exit.obj (.text)
                  0000156c    00000042                                   : u_divt2.obj (.text)
                  000015ae    00000002     --HOLE-- [fill = 0]
                  000015b0    00000040     driverlib.lib : eeprom.obj (.text:EEPROMInit)
                  000015f0    00000040                   : uart.obj (.text:UARTConfigSetExpClk)
                  00001630    0000003c                   : eeprom.obj (.text:_EEPROMSectorMaskSet)
                  0000166c    00000034                   : eeprom.obj (.text:EEPROMRead)
                  000016a0    00000034                   : sysctl.obj (.text:SysCtlPeripheralEnable)
                  000016d4    00000034                   : sysctl.obj (.text:SysCtlPeripheralPresent)
                  00001708    00000034                   : eeprom.obj (.text:_EEPROMSectorMaskClear)
                  0000173c    0000002a                   : gpio.obj (.text:GPIODirModeSet)
                  00001766    00000002     --HOLE-- [fill = 0]
                  00001768    0000001c                   : uart.obj (.text:UARTDisable)
                  00001784    00000018                   : gpio.obj (.text:GPIOPinTypeGPIOOutput)
                  0000179c    00000018     rtsv7M4_T_le_v4SPD16_eabi.lib : args_main.obj (.text)
                  000017b4    00000014     driverlib.lib : systick.obj (.text:SysTickEnable)
                  000017c8    00000014                   : timer.obj (.text:TimerDisable)
                  000017dc    00000014                   : uart.obj (.text:UARTEnable)
                  000017f0    00000014     rtsv7M4_T_le_v4SPD16_eabi.lib : _lock.obj (.text)
                  00001804    00000012     driverlib.lib : gpio.obj (.text:GPIOPinTypeI2C)
                  00001816    00000012                   : gpio.obj (.text:GPIOPinTypeUART)
                  00001828    00000012                   : timer.obj (.text:TimerLoadSet)
                  0000183a    00000012     rtsv7M4_T_le_v4SPD16_eabi.lib : copy_zero_init.obj (.text:decompress:ZI)
                  0000184c    00000010     driverlib.lib : eeprom.obj (.text:_EEPROMWaitForDone)
                  0000185c    0000000e                   : timer.obj (.text:TimerEnable)
                  0000186a    0000000e     rtsv7M4_T_le_v4SPD16_eabi.lib : copy_decompress_none.obj (.text:decompress:none)
                  00001878    0000000c     driverlib.lib : cpu.obj (.text:CPUcpsie)
                  00001884    0000000c                   : gpio.obj (.text:GPIOIntEnable)
                  00001890    0000000c                   : uart.obj (.text:UARTCharsAvail)
                  0000189c    0000000c     tm4c123gh6pm_startup_ccs.obj (.text)
                  000018a8    0000000a     driverlib.lib : interrupt.obj (.text:IntMasterEnable)
                  000018b2    0000000a                   : uart.obj (.text:UARTCharGet)
                  000018bc    0000000a                   : uart.obj (.text:UARTCharPut)
                  000018c6    00000008                   : timer.obj (.text:TimerIntEnable)
                  000018ce    00000006                   : sysctl.obj (.text:SysCtlDelay)
                  000018d4    00000006     rtsv7M4_T_le_v4SPD16_eabi.lib : copy_decompress_rle.obj (.text:decompress:rle24)
                  000018da    00000004     driverlib.lib : timer.obj (.text:TimerIntClear)

.const     0    000018e0    000002aa     
                  000018e0    00000102     rtsv7M4_T_le_v4SPD16_eabi.lib : ctype.obj (.const:.string:_ctypes_)
                  000019e2    00000002     --HOLE-- [fill = 0]
                  000019e4    00000090     driverlib.lib : gpio.obj (.const:g_pui32GPIOBaseAddrs)
                  00001a74    00000070                   : interrupt.obj (.const)
                  00001ae4    0000006c                   : sysctl.obj (.const:g_pui32Xtals)
                  00001b50    0000001c     uartstdio.obj (.const)
                  00001b6c    00000012     uartstdio.obj (.const:.string)
                  00001b7e    0000000c     main.obj (.const)

.cinit     0    00001b90    00000048     
                  00001b90    0000001e     (.cinit..data.load) [load image, compression = rle]
                  00001bae    00000002     --HOLE-- [fill = 0]
                  00001bb0    0000000c     (__TI_handler_table)
                  00001bbc    00000004     --HOLE-- [fill = 0]
                  00001bc0    00000008     (.cinit..bss.load) [load image, compression = zero_init]
                  00001bc8    00000010     (__TI_cinit_table)

.stack     0    20000000    00000200     UNINITIALIZED
                  20000000    00000200     --HOLE--

.data      0    20000200    0000002c     UNINITIALIZED
                  20000200    00000010     main.obj (.data)
                  20000210    00000008     rtsv7M4_T_le_v4SPD16_eabi.lib : _lock.obj (.data)
                  20000218    00000008                                   : exit.obj (.data)
                  20000220    00000005     uartstdio.obj (.data)
                  20000225    00000003     --HOLE--
                  20000228    00000004     rtsv7M4_T_le_v4SPD16_eabi.lib : stkdepth_vars.obj (.data)

.bss       0    2000022c    00000005     UNINITIALIZED
                  2000022c    00000004     (.common:ui32Period)
                  20000230    00000001     (.common:cState)


LINKER GENERATED COPY TABLES

__TI_cinit_table @ 00001bc8 records: 2, size/record: 8, table size: 16
	.data: load addr=00001b90, load size=0000001e bytes, run addr=20000200, run size=0000002c bytes, compression=rle
	.bss: load addr=00001bc0, load size=00000008 bytes, run addr=2000022c, run size=00000005 bytes, compression=zero_init


LINKER GENERATED HANDLER TABLE

__TI_handler_table @ 00001bb0 records: 3, size/record: 4, table size: 12
	index: 0, handler: __TI_decompress_rle24
	index: 1, handler: __TI_decompress_none
	index: 2, handler: __TI_zero_init


GLOBAL SYMBOLS: SORTED ALPHABETICALLY BY Name 

address    name
--------   ----
00001529   C$$EXIT
00001879   CPUcpsie
000015b1   EEPROMInit
00001051   EEPROMProgram
0000166d   EEPROMRead
20000200   FallingEdges
00001b7e   Fsm
0000173d   GPIODirModeSet
00001885   GPIOIntEnable
00001361   GPIOIntTypeSet
00000d19   GPIOPadConfigSet
00001455   GPIOPinConfigure
00001785   GPIOPinTypeGPIOOutput
00001805   GPIOPinTypeI2C
00001817   GPIOPinTypeUART
00001245   IntEnable
000018a9   IntMasterEnable
000007af   PortFIntHandler
0000189d   ResetISR
UNDEFED    SHT$$INIT_ARRAY$$Base
UNDEFED    SHT$$INIT_ARRAY$$Limit
00000e49   SysCtlClockGet
00000f61   SysCtlClockSet
000018cf   SysCtlDelay
000016a1   SysCtlPeripheralEnable
000016d5   SysCtlPeripheralPresent
000013b9   SysCtlPeripheralReset
000017b5   SysTickEnable
000002b5   SysTick_Init
0000026d   SysTick_Wait
0000028d   SysTick_Wait1ms
00000691   Timer0AIntHandler
00001305   TimerConfigure
000017c9   TimerDisable
0000185d   TimerEnable
000018db   TimerIntClear
000018c7   TimerIntEnable
00001829   TimerLoadSet
000018b3   UARTCharGet
000018bd   UARTCharPut
00001891   UARTCharsAvail
000015f1   UARTConfigSetExpClk
00001769   UARTDisable
000017dd   UARTEnable
0000087d   UARTStdioConfig
000009c3   UARTgetc
00000909   UARTgets
00000ce3   UARTprintf
000009e9   UARTvprintf
000008c3   UARTwrite
20000200   __STACK_END
00000200   __STACK_SIZE
20000200   __STACK_TOP
00001bc8   __TI_CINIT_Base
00001bd8   __TI_CINIT_Limit
00001bb0   __TI_Handler_Table_Base
00001bbc   __TI_Handler_Table_Limit
00000001   __TI_args_main
000011b1   __TI_auto_init
20000218   __TI_cleanup_ptr
0000186b   __TI_decompress_none
000018d5   __TI_decompress_rle24
2000021c   __TI_dtors_ptr
00000000   __TI_static_base__
0000183b   __TI_zero_init
00001115   __aeabi_memcpy
00001115   __aeabi_memcpy4
00001115   __aeabi_memcpy8
0000156d   __aeabi_uidivmod
ffffffff   __binit__
ffffffff   __c_args__
20000000   __stack
0000179d   _args_main
0000149d   _c_int00
000018e0   _ctypes_
20000210   _lock
000017ff   _nop
000017f7   _register_lock
000017f1   _register_unlock
20000214   _unlock
0000152d   abort
00001409   atoi
ffffffff   binit
20000230   cState
000014e5   copy_in
00001535   exit
20000208   frequency_interrupt
00000000   g_pfnVectors
000002d1   main
20000228   main_func_sp
00001115   memcpy
2000020c   phase
20000204   pulse_width
2000022c   ui32Period


GLOBAL SYMBOLS: SORTED BY Symbol Address 

address    name
--------   ----
00000000   __TI_static_base__
00000000   g_pfnVectors
00000001   __TI_args_main
00000200   __STACK_SIZE
0000026d   SysTick_Wait
0000028d   SysTick_Wait1ms
000002b5   SysTick_Init
000002d1   main
00000691   Timer0AIntHandler
000007af   PortFIntHandler
0000087d   UARTStdioConfig
000008c3   UARTwrite
00000909   UARTgets
000009c3   UARTgetc
000009e9   UARTvprintf
00000ce3   UARTprintf
00000d19   GPIOPadConfigSet
00000e49   SysCtlClockGet
00000f61   SysCtlClockSet
00001051   EEPROMProgram
00001115   __aeabi_memcpy
00001115   __aeabi_memcpy4
00001115   __aeabi_memcpy8
00001115   memcpy
000011b1   __TI_auto_init
00001245   IntEnable
00001305   TimerConfigure
00001361   GPIOIntTypeSet
000013b9   SysCtlPeripheralReset
00001409   atoi
00001455   GPIOPinConfigure
0000149d   _c_int00
000014e5   copy_in
00001529   C$$EXIT
0000152d   abort
00001535   exit
0000156d   __aeabi_uidivmod
000015b1   EEPROMInit
000015f1   UARTConfigSetExpClk
0000166d   EEPROMRead
000016a1   SysCtlPeripheralEnable
000016d5   SysCtlPeripheralPresent
0000173d   GPIODirModeSet
00001769   UARTDisable
00001785   GPIOPinTypeGPIOOutput
0000179d   _args_main
000017b5   SysTickEnable
000017c9   TimerDisable
000017dd   UARTEnable
000017f1   _register_unlock
000017f7   _register_lock
000017ff   _nop
00001805   GPIOPinTypeI2C
00001817   GPIOPinTypeUART
00001829   TimerLoadSet
0000183b   __TI_zero_init
0000185d   TimerEnable
0000186b   __TI_decompress_none
00001879   CPUcpsie
00001885   GPIOIntEnable
00001891   UARTCharsAvail
0000189d   ResetISR
000018a9   IntMasterEnable
000018b3   UARTCharGet
000018bd   UARTCharPut
000018c7   TimerIntEnable
000018cf   SysCtlDelay
000018d5   __TI_decompress_rle24
000018db   TimerIntClear
000018e0   _ctypes_
00001b7e   Fsm
00001bb0   __TI_Handler_Table_Base
00001bbc   __TI_Handler_Table_Limit
00001bc8   __TI_CINIT_Base
00001bd8   __TI_CINIT_Limit
20000000   __stack
20000200   FallingEdges
20000200   __STACK_END
20000200   __STACK_TOP
20000204   pulse_width
20000208   frequency_interrupt
2000020c   phase
20000210   _lock
20000214   _unlock
20000218   __TI_cleanup_ptr
2000021c   __TI_dtors_ptr
20000228   main_func_sp
2000022c   ui32Period
20000230   cState
ffffffff   __binit__
ffffffff   __c_args__
ffffffff   binit
UNDEFED    SHT$$INIT_ARRAY$$Base
UNDEFED    SHT$$INIT_ARRAY$$Limit

[94 symbols]
